2026-04-17T02:08:05.471973+00:00 | INFO  | 深度学习训练启动 | model=lstm | task=auto | epochs=50
2026-04-17T02:08:05.541525+00:00 | INFO  | 任务类型确认: regression | train_samples=13936 | val_samples=3484 | feature_count=7
2026-04-17T02:08:06.374479+00:00 | INFO  | Epoch 1/50 指标更新（当前最优） | train_loss=97760791.724455 | val_loss=90444122.626866 | val_rmse=9510.211354 | val_mae=8109.879395 | val_r2=-2.612875 | best_val_loss=90444122.626866
2026-04-17T02:08:07.075905+00:00 | INFO  | Epoch 2/50 指标更新（当前最优） | train_loss=81371502.388060 | val_loss=68777966.907003 | val_rmse=8293.248338 | val_mae=6851.358398 | val_r2=-1.747400 | best_val_loss=68777966.907003
2026-04-17T02:08:07.636864+00:00 | INFO  | Epoch 3/50 指标更新（当前最优） | train_loss=55950490.346728 | val_loss=40928436.211251 | val_rmse=6397.533587 | val_mae=5021.895508 | val_r2=-0.634925 | best_val_loss=40928436.211251
2026-04-17T02:08:08.299459+00:00 | INFO  | Epoch 4/50 指标更新（当前最优） | train_loss=30488791.676234 | val_loss=19756210.647532 | val_rmse=4444.795833 | val_mae=3582.613037 | val_r2=0.210820 | best_val_loss=19756210.647532
2026-04-17T02:08:08.895890+00:00 | INFO  | Epoch 5/50 指标更新（当前最优） | train_loss=16287253.094145 | val_loss=11449921.270953 | val_rmse=3383.773190 | val_mae=2712.620850 | val_r2=0.542622 | best_val_loss=11449921.270953
2026-04-17T02:08:09.450262+00:00 | INFO  | Epoch 6/50 指标更新（当前最优） | train_loss=11522933.213548 | val_loss=8767954.762342 | val_rmse=2961.073285 | val_mae=2216.866211 | val_r2=0.649756 | best_val_loss=8767954.762342
2026-04-17T02:08:10.087184+00:00 | INFO  | Epoch 7/50 指标更新（当前最优） | train_loss=9960744.636051 | val_loss=8009949.949483 | val_rmse=2830.185506 | val_mae=2063.787598 | val_r2=0.680035 | best_val_loss=8009949.949483
2026-04-17T02:08:10.778641+00:00 | INFO  | Epoch 8/50 指标更新（当前最优） | train_loss=9358372.246843 | val_loss=7687551.319173 | val_rmse=2772.643414 | val_mae=1979.227905 | val_r2=0.692914 | best_val_loss=7687551.319173
2026-04-17T02:08:11.601023+00:00 | INFO  | Epoch 9/50 指标更新（当前最优） | train_loss=9056692.687141 | val_loss=7455079.073479 | val_rmse=2730.399055 | val_mae=1933.542236 | val_r2=0.702200 | best_val_loss=7455079.073479
2026-04-17T02:08:12.227621+00:00 | INFO  | Epoch 10/50 指标更新（当前最优） | train_loss=8958786.338691 | val_loss=7355804.998852 | val_rmse=2712.158734 | val_mae=1921.319946 | val_r2=0.706165 | best_val_loss=7355804.998852
2026-04-17T02:08:12.798485+00:00 | INFO  | Epoch 11/50 指标更新（当前最优） | train_loss=8638480.112227 | val_loss=7293259.365098 | val_rmse=2700.603451 | val_mae=1874.601318 | val_r2=0.708664 | best_val_loss=7293259.365098
2026-04-17T02:08:13.371581+00:00 | INFO  | Epoch 12/50 指标更新（当前最优） | train_loss=8596203.831803 | val_loss=7013684.948335 | val_rmse=2648.336270 | val_mae=1840.244263 | val_r2=0.719832 | best_val_loss=7013684.948335
2026-04-17T02:08:13.936511+00:00 | INFO  | Epoch 13/50 指标更新（当前最优） | train_loss=8470426.098163 | val_loss=6947428.068886 | val_rmse=2635.797413 | val_mae=1816.479614 | val_r2=0.722479 | best_val_loss=6947428.068886
2026-04-17T02:08:14.476137+00:00 | INFO  | Epoch 14/50 指标更新（当前最优） | train_loss=8408541.733639 | val_loss=6799696.628014 | val_rmse=2607.622864 | val_mae=1786.966187 | val_r2=0.728380 | best_val_loss=6799696.628014
2026-04-17T02:08:15.039126+00:00 | INFO  | Epoch 15/50 指标更新（当前最优） | train_loss=8302069.677956 | val_loss=6683834.451206 | val_rmse=2585.311297 | val_mae=1759.261108 | val_r2=0.733008 | best_val_loss=6683834.451206
2026-04-17T02:08:15.582353+00:00 | INFO  | Epoch 16/50 指标更新（当前最优） | train_loss=8178083.603904 | val_loss=6653651.366246 | val_rmse=2579.467193 | val_mae=1730.606812 | val_r2=0.734214 | best_val_loss=6653651.366246
2026-04-17T02:08:16.194152+00:00 | INFO  | Epoch 17/50 指标更新 | train_loss=8209291.072905 | val_loss=6796646.106774 | val_rmse=2607.037783 | val_mae=1738.739990 | val_r2=0.728502
2026-04-17T02:08:16.791411+00:00 | INFO  | Epoch 18/50 指标更新（当前最优） | train_loss=7963026.070034 | val_loss=6564200.979334 | val_rmse=2562.069671 | val_mae=1708.312988 | val_r2=0.737787 | best_val_loss=6564200.979334
2026-04-17T02:08:17.380739+00:00 | INFO  | Epoch 19/50 指标更新 | train_loss=7868741.209242 | val_loss=6678882.721010 | val_rmse=2584.353497 | val_mae=1694.911743 | val_r2=0.733206
2026-04-17T02:08:17.977751+00:00 | INFO  | Epoch 20/50 指标更新（当前最优） | train_loss=7784312.065442 | val_loss=6437636.103330 | val_rmse=2537.249791 | val_mae=1672.520630 | val_r2=0.742843 | best_val_loss=6437636.103330
2026-04-17T02:08:18.585238+00:00 | INFO  | Epoch 21/50 指标更新 | train_loss=7677440.068312 | val_loss=6439371.521240 | val_rmse=2537.591575 | val_mae=1671.970337 | val_r2=0.742773
2026-04-17T02:08:19.163821+00:00 | INFO  | Epoch 22/50 指标更新（当前最优） | train_loss=7736616.595867 | val_loss=6275531.785304 | val_rmse=2505.101096 | val_mae=1646.933228 | val_r2=0.749318 | best_val_loss=6275531.785304
2026-04-17T02:08:19.733817+00:00 | INFO  | Epoch 23/50 指标更新 | train_loss=7688235.920781 | val_loss=6329379.603904 | val_rmse=2515.825809 | val_mae=1648.685425 | val_r2=0.747167
2026-04-17T02:08:20.296873+00:00 | INFO  | Epoch 24/50 指标更新（当前最优） | train_loss=7588015.039610 | val_loss=6254439.995408 | val_rmse=2500.887942 | val_mae=1635.204102 | val_r2=0.750161 | best_val_loss=6254439.995408
2026-04-17T02:08:20.885259+00:00 | INFO  | Epoch 25/50 指标更新（当前最优） | train_loss=7517148.936280 | val_loss=6213119.750861 | val_rmse=2492.613087 | val_mae=1614.582275 | val_r2=0.751811 | best_val_loss=6213119.750861
2026-04-17T02:08:21.451046+00:00 | INFO  | Epoch 26/50 指标更新（当前最优） | train_loss=7436496.630597 | val_loss=6193207.955224 | val_rmse=2488.615679 | val_mae=1630.501709 | val_r2=0.752607 | best_val_loss=6193207.955224
2026-04-17T02:08:22.279425+00:00 | INFO  | Epoch 27/50 指标更新（当前最优） | train_loss=7479704.630310 | val_loss=6116321.185993 | val_rmse=2473.119791 | val_mae=1607.776123 | val_r2=0.755678 | best_val_loss=6116321.185993
2026-04-17T02:08:22.939822+00:00 | INFO  | Epoch 28/50 指标更新（当前最优） | train_loss=7534168.634328 | val_loss=6089789.030999 | val_rmse=2467.749785 | val_mae=1614.494019 | val_r2=0.756738 | best_val_loss=6089789.030999
2026-04-17T02:08:23.613562+00:00 | INFO  | Epoch 29/50 指标更新（当前最优） | train_loss=7370925.776693 | val_loss=6047196.575201 | val_rmse=2459.104817 | val_mae=1597.643555 | val_r2=0.758439 | best_val_loss=6047196.575201
2026-04-17T02:08:24.301070+00:00 | INFO  | Epoch 30/50 指标更新 | train_loss=7466845.863088 | val_loss=6095178.956372 | val_rmse=2468.841631 | val_mae=1586.591309 | val_r2=0.756522
2026-04-17T02:08:24.939555+00:00 | INFO  | Epoch 31/50 指标更新 | train_loss=7354912.283869 | val_loss=6055264.266361 | val_rmse=2460.744603 | val_mae=1573.937744 | val_r2=0.758117
2026-04-17T02:08:25.523055+00:00 | INFO  | Epoch 32/50 指标更新（当前最优） | train_loss=7201779.773249 | val_loss=6013218.613088 | val_rmse=2452.186473 | val_mae=1576.081177 | val_r2=0.759796 | best_val_loss=6013218.613088
2026-04-17T02:08:26.084618+00:00 | INFO  | Epoch 33/50 指标更新（当前最优） | train_loss=7296375.427669 | val_loss=5976570.036739 | val_rmse=2444.702436 | val_mae=1549.473633 | val_r2=0.761260 | best_val_loss=5976570.036739
2026-04-17T02:08:26.626327+00:00 | INFO  | Epoch 34/50 指标更新 | train_loss=7221166.541332 | val_loss=6029110.890930 | val_rmse=2455.424810 | val_mae=1564.372681 | val_r2=0.759162
2026-04-17T02:08:27.212735+00:00 | INFO  | Epoch 35/50 指标更新（当前最优） | train_loss=7144079.884615 | val_loss=5928767.229621 | val_rmse=2434.905953 | val_mae=1536.651855 | val_r2=0.763170 | best_val_loss=5928767.229621
2026-04-17T02:08:27.804350+00:00 | INFO  | Epoch 36/50 指标更新（当前最优） | train_loss=7289335.438720 | val_loss=5869681.188289 | val_rmse=2422.742454 | val_mae=1523.843140 | val_r2=0.765530 | best_val_loss=5869681.188289
2026-04-17T02:08:28.414474+00:00 | INFO  | Epoch 37/50 指标更新 | train_loss=7092257.902411 | val_loss=5892245.136625 | val_rmse=2427.394797 | val_mae=1526.692505 | val_r2=0.764629
2026-04-17T02:08:29.033145+00:00 | INFO  | Epoch 38/50 指标更新 | train_loss=7140143.269518 | val_loss=5999580.700344 | val_rmse=2449.404111 | val_mae=1539.301270 | val_r2=0.760341
2026-04-17T02:08:29.687861+00:00 | INFO  | Epoch 39/50 指标更新（当前最优） | train_loss=7079875.943456 | val_loss=5831190.095293 | val_rmse=2414.785601 | val_mae=1533.740479 | val_r2=0.767068 | best_val_loss=5831190.095293
2026-04-17T02:08:30.299700+00:00 | INFO  | Epoch 40/50 指标更新 | train_loss=6955207.695752 | val_loss=5881608.305396 | val_rmse=2425.202672 | val_mae=1515.525146 | val_r2=0.765054
2026-04-17T02:08:30.947867+00:00 | INFO  | Epoch 41/50 指标更新（当前最优） | train_loss=7155720.187428 | val_loss=5822714.242250 | val_rmse=2413.030149 | val_mae=1518.573730 | val_r2=0.767406 | best_val_loss=5822714.242250
2026-04-17T02:08:31.531034+00:00 | INFO  | Epoch 42/50 指标更新（当前最优） | train_loss=6995369.225603 | val_loss=5816744.920781 | val_rmse=2411.792798 | val_mae=1521.016235 | val_r2=0.767645 | best_val_loss=5816744.920781
2026-04-17T02:08:32.138071+00:00 | INFO  | Epoch 43/50 指标更新（当前最优） | train_loss=6882520.293341 | val_loss=5730912.805970 | val_rmse=2393.932539 | val_mae=1501.457764 | val_r2=0.771073 | best_val_loss=5730912.805970
2026-04-17T02:08:32.944251+00:00 | INFO  | Epoch 44/50 指标更新（当前最优） | train_loss=6971353.728760 | val_loss=5717887.136625 | val_rmse=2391.210258 | val_mae=1507.076660 | val_r2=0.771594 | best_val_loss=5717887.136625
2026-04-17T02:08:33.575887+00:00 | INFO  | Epoch 45/50 指标更新 | train_loss=6927380.020379 | val_loss=5789638.918485 | val_rmse=2406.166869 | val_mae=1486.231934 | val_r2=0.768727
2026-04-17T02:08:34.153565+00:00 | INFO  | Epoch 46/50 指标更新（当前最优） | train_loss=6911062.721010 | val_loss=5707559.289323 | val_rmse=2389.049811 | val_mae=1485.954590 | val_r2=0.772006 | best_val_loss=5707559.289323
2026-04-17T02:08:34.740443+00:00 | INFO  | Epoch 47/50 指标更新 | train_loss=6891653.739380 | val_loss=5754925.536165 | val_rmse=2398.942684 | val_mae=1485.381470 | val_r2=0.770114
2026-04-17T02:08:35.319744+00:00 | INFO  | Epoch 48/50 指标更新（当前最优） | train_loss=6885662.351894 | val_loss=5679364.888634 | val_rmse=2383.141834 | val_mae=1482.702271 | val_r2=0.773132 | best_val_loss=5679364.888634
2026-04-17T02:08:35.877368+00:00 | INFO  | Epoch 49/50 指标更新 | train_loss=6916538.229047 | val_loss=5687489.154994 | val_rmse=2384.845802 | val_mae=1483.694946 | val_r2=0.772808
2026-04-17T02:08:36.427832+00:00 | INFO  | Epoch 50/50 指标更新 | train_loss=6847402.405855 | val_loss=5681399.174512 | val_rmse=2383.568543 | val_mae=1489.940918 | val_r2=0.773051
2026-04-17T02:08:36.463755+00:00 | INFO  | 训练完成，最终验证指标 | best_val_loss=5679364.888634 | val_loss=5679364.888634 | val_rmse=2383.141834 | val_mae=1482.702271 | val_r2=0.773132 | val_mape=1.974010
