2026-04-16T03:10:24.567582+00:00 | INFO  | 深度学习训练启动 | model=lstm | task=classification | epochs=50
2026-04-16T03:10:24.608319+00:00 | INFO  | 任务类型确认: classification | train_samples=8000 | val_samples=2000 | feature_count=8
2026-04-16T03:10:25.596487+00:00 | INFO  | Epoch 1/50 指标更新（当前最优） | train_loss=0.404457 | val_loss=0.173747 | val_acc=0.965000 | val_f1_macro=0.163698 | best_val_loss=0.173747
2026-04-16T03:10:25.947507+00:00 | INFO  | Epoch 2/50 指标更新（当前最优） | train_loss=0.156761 | val_loss=0.167450 | val_acc=0.965000 | val_f1_macro=0.163781 | best_val_loss=0.167450
2026-04-16T03:10:26.285200+00:00 | INFO  | Epoch 3/50 指标更新（当前最优） | train_loss=0.150061 | val_loss=0.162957 | val_acc=0.968000 | val_f1_macro=0.243948 | best_val_loss=0.162957
2026-04-16T03:10:26.628079+00:00 | INFO  | Epoch 4/50 指标更新（当前最优） | train_loss=0.139711 | val_loss=0.150733 | val_acc=0.967000 | val_f1_macro=0.239213 | best_val_loss=0.150733
2026-04-16T03:10:26.942926+00:00 | INFO  | Epoch 5/50 指标更新（当前最优） | train_loss=0.129867 | val_loss=0.145784 | val_acc=0.968500 | val_f1_macro=0.257821 | best_val_loss=0.145784
2026-04-16T03:10:27.277720+00:00 | INFO  | Epoch 6/50 指标更新（当前最优） | train_loss=0.124101 | val_loss=0.135001 | val_acc=0.970000 | val_f1_macro=0.278483 | best_val_loss=0.135001
2026-04-16T03:10:27.593185+00:00 | INFO  | Epoch 7/50 指标更新（当前最优） | train_loss=0.115543 | val_loss=0.128642 | val_acc=0.970500 | val_f1_macro=0.291606 | best_val_loss=0.128642
2026-04-16T03:10:27.924957+00:00 | INFO  | Epoch 8/50 指标更新（当前最优） | train_loss=0.112612 | val_loss=0.116571 | val_acc=0.969500 | val_f1_macro=0.301108 | best_val_loss=0.116571
2026-04-16T03:10:28.243375+00:00 | INFO  | Epoch 9/50 指标更新（当前最优） | train_loss=0.101563 | val_loss=0.103458 | val_acc=0.971000 | val_f1_macro=0.334313 | best_val_loss=0.103458
2026-04-16T03:10:28.556395+00:00 | INFO  | Epoch 10/50 指标更新（当前最优） | train_loss=0.091303 | val_loss=0.099544 | val_acc=0.972500 | val_f1_macro=0.375557 | best_val_loss=0.099544
2026-04-16T03:10:28.883822+00:00 | INFO  | Epoch 11/50 指标更新（当前最优） | train_loss=0.087149 | val_loss=0.097437 | val_acc=0.974500 | val_f1_macro=0.401346 | best_val_loss=0.097437
2026-04-16T03:10:29.216612+00:00 | INFO  | Epoch 12/50 指标更新（当前最优） | train_loss=0.085842 | val_loss=0.087579 | val_acc=0.977500 | val_f1_macro=0.476291 | best_val_loss=0.087579
2026-04-16T03:10:29.531155+00:00 | INFO  | Epoch 13/50 指标更新 | train_loss=0.080678 | val_loss=0.095089 | val_acc=0.974500 | val_f1_macro=0.418145
2026-04-16T03:10:29.846968+00:00 | INFO  | Epoch 14/50 指标更新（当前最优） | train_loss=0.077869 | val_loss=0.081658 | val_acc=0.978000 | val_f1_macro=0.490124 | best_val_loss=0.081658
2026-04-16T03:10:30.159571+00:00 | INFO  | Epoch 15/50 指标更新（当前最优） | train_loss=0.077835 | val_loss=0.081314 | val_acc=0.977000 | val_f1_macro=0.463222 | best_val_loss=0.081314
2026-04-16T03:10:30.480586+00:00 | INFO  | Epoch 16/50 指标更新（当前最优） | train_loss=0.073192 | val_loss=0.079529 | val_acc=0.979000 | val_f1_macro=0.500088 | best_val_loss=0.079529
2026-04-16T03:10:30.820134+00:00 | INFO  | Epoch 17/50 指标更新（当前最优） | train_loss=0.076912 | val_loss=0.076169 | val_acc=0.981000 | val_f1_macro=0.540763 | best_val_loss=0.076169
2026-04-16T03:10:31.157227+00:00 | INFO  | Epoch 18/50 指标更新 | train_loss=0.072942 | val_loss=0.085234 | val_acc=0.975000 | val_f1_macro=0.441911
2026-04-16T03:10:31.490133+00:00 | INFO  | Epoch 19/50 指标更新 | train_loss=0.071185 | val_loss=0.077810 | val_acc=0.978500 | val_f1_macro=0.522223
2026-04-16T03:10:31.813866+00:00 | INFO  | Epoch 20/50 指标更新 | train_loss=0.070754 | val_loss=0.085728 | val_acc=0.980000 | val_f1_macro=0.524430
2026-04-16T03:10:32.129601+00:00 | INFO  | Epoch 21/50 指标更新（当前最优） | train_loss=0.071254 | val_loss=0.075124 | val_acc=0.979000 | val_f1_macro=0.527474 | best_val_loss=0.075124
2026-04-16T03:10:32.439570+00:00 | INFO  | Epoch 22/50 指标更新 | train_loss=0.070949 | val_loss=0.079952 | val_acc=0.978500 | val_f1_macro=0.508414
2026-04-16T03:10:32.760213+00:00 | INFO  | Epoch 23/50 指标更新 | train_loss=0.066679 | val_loss=0.089427 | val_acc=0.978000 | val_f1_macro=0.473628
2026-04-16T03:10:33.071525+00:00 | INFO  | Epoch 24/50 指标更新 | train_loss=0.070181 | val_loss=0.084247 | val_acc=0.975500 | val_f1_macro=0.485294
2026-04-16T03:10:33.380553+00:00 | INFO  | Epoch 25/50 指标更新 | train_loss=0.065039 | val_loss=0.089889 | val_acc=0.977000 | val_f1_macro=0.482697
2026-04-16T03:10:33.689715+00:00 | INFO  | Epoch 26/50 指标更新 | train_loss=0.065059 | val_loss=0.081092 | val_acc=0.978500 | val_f1_macro=0.510852
2026-04-16T03:10:34.001407+00:00 | INFO  | Epoch 27/50 指标更新 | train_loss=0.064038 | val_loss=0.077573 | val_acc=0.979000 | val_f1_macro=0.513077
2026-04-16T03:10:34.311865+00:00 | INFO  | Epoch 28/50 指标更新 | train_loss=0.068329 | val_loss=0.076532 | val_acc=0.979500 | val_f1_macro=0.500282
2026-04-16T03:10:34.620723+00:00 | INFO  | Epoch 29/50 指标更新（当前最优） | train_loss=0.060309 | val_loss=0.071965 | val_acc=0.983500 | val_f1_macro=0.566838 | best_val_loss=0.071965
2026-04-16T03:10:34.944574+00:00 | INFO  | Epoch 30/50 指标更新 | train_loss=0.061638 | val_loss=0.076770 | val_acc=0.978500 | val_f1_macro=0.520411
2026-04-16T03:10:35.267735+00:00 | INFO  | Epoch 31/50 指标更新 | train_loss=0.060610 | val_loss=0.086943 | val_acc=0.980500 | val_f1_macro=0.532331
2026-04-16T03:10:35.600718+00:00 | INFO  | Epoch 32/50 指标更新 | train_loss=0.066107 | val_loss=0.074505 | val_acc=0.979500 | val_f1_macro=0.537523
2026-04-16T03:10:35.965992+00:00 | INFO  | Epoch 33/50 指标更新 | train_loss=0.061227 | val_loss=0.078153 | val_acc=0.980000 | val_f1_macro=0.544071
2026-04-16T03:10:36.283045+00:00 | INFO  | Epoch 34/50 指标更新 | train_loss=0.061263 | val_loss=0.086618 | val_acc=0.978000 | val_f1_macro=0.480759
2026-04-16T03:10:36.605934+00:00 | INFO  | Epoch 35/50 指标更新 | train_loss=0.063838 | val_loss=0.074925 | val_acc=0.982000 | val_f1_macro=0.546521
2026-04-16T03:10:36.931971+00:00 | INFO  | Epoch 36/50 指标更新 | train_loss=0.063229 | val_loss=0.081656 | val_acc=0.980000 | val_f1_macro=0.531269
2026-04-16T03:10:37.253988+00:00 | INFO  | Epoch 37/50 指标更新（当前最优） | train_loss=0.057772 | val_loss=0.069996 | val_acc=0.980500 | val_f1_macro=0.558739 | best_val_loss=0.069996
2026-04-16T03:10:37.576340+00:00 | INFO  | Epoch 38/50 指标更新 | train_loss=0.061026 | val_loss=0.075381 | val_acc=0.981000 | val_f1_macro=0.534978
2026-04-16T03:10:37.891110+00:00 | INFO  | Epoch 39/50 指标更新 | train_loss=0.060240 | val_loss=0.074597 | val_acc=0.981500 | val_f1_macro=0.537838
2026-04-16T03:10:38.206834+00:00 | INFO  | Epoch 40/50 指标更新（当前最优） | train_loss=0.060687 | val_loss=0.068643 | val_acc=0.979000 | val_f1_macro=0.537621 | best_val_loss=0.068643
2026-04-16T03:10:38.520027+00:00 | INFO  | Epoch 41/50 指标更新 | train_loss=0.056782 | val_loss=0.086631 | val_acc=0.977000 | val_f1_macro=0.471044
2026-04-16T03:10:38.837074+00:00 | INFO  | Epoch 42/50 指标更新 | train_loss=0.057851 | val_loss=0.076809 | val_acc=0.979000 | val_f1_macro=0.514559
2026-04-16T03:10:39.147206+00:00 | INFO  | Epoch 43/50 指标更新 | train_loss=0.059558 | val_loss=0.072558 | val_acc=0.981500 | val_f1_macro=0.552123
2026-04-16T03:10:39.458017+00:00 | INFO  | Epoch 44/50 指标更新 | train_loss=0.059017 | val_loss=0.075067 | val_acc=0.978000 | val_f1_macro=0.514174
2026-04-16T03:10:39.774239+00:00 | INFO  | Epoch 45/50 指标更新 | train_loss=0.059359 | val_loss=0.074201 | val_acc=0.979000 | val_f1_macro=0.532435
2026-04-16T03:10:40.092195+00:00 | INFO  | Epoch 46/50 指标更新 | train_loss=0.058364 | val_loss=0.072605 | val_acc=0.982000 | val_f1_macro=0.572686
2026-04-16T03:10:40.431589+00:00 | INFO  | Epoch 47/50 指标更新 | train_loss=0.056362 | val_loss=0.075133 | val_acc=0.982500 | val_f1_macro=0.544453
2026-04-16T03:10:40.750137+00:00 | INFO  | Epoch 48/50 指标更新 | train_loss=0.055897 | val_loss=0.071777 | val_acc=0.981000 | val_f1_macro=0.542510
2026-04-16T03:10:41.071930+00:00 | INFO  | Epoch 49/50 指标更新（当前最优） | train_loss=0.059028 | val_loss=0.067862 | val_acc=0.983000 | val_f1_macro=0.569698 | best_val_loss=0.067862
2026-04-16T03:10:41.397693+00:00 | INFO  | Epoch 50/50 指标更新 | train_loss=0.055258 | val_loss=0.088990 | val_acc=0.979500 | val_f1_macro=0.514954
2026-04-16T03:10:41.422372+00:00 | INFO  | 训练完成，最终验证指标 | best_val_loss=0.067862 | val_loss=0.067862 | val_acc=0.983000 | val_f1_macro=0.569698 | val_auc_roc=0.891855 | val_precision=0.576102 | val_recall=0.565710
